attractors: plateau k=4 (width 2), 3 after dropping singletons
  counts by d/scale: 0.05:300 0.1:293 0.15:253 0.2:200 0.3:67 0.4:13 0.6:4 0.8:4

scoring 100 episodes at t=[3, 6, 9, 12, 15, 18, 21, 24] (H=20, settle=40, eps=0.1, n=32)
  10/100  (5.4 min)
  20/100  (10.8 min)
  30/100  (16.2 min)
  40/100  (21.4 min)
  50/100  (26.6 min)
  60/100  (31.8 min)
  70/100  (36.9 min)
  80/100  (42.1 min)
  90/100  (47.3 min)
  100/100  (52.5 min)

======================================================================
FALSE-POSITIVE FLOOR (replaces the vacuous eps=0 null)
======================================================================
  chunks with margin >= 0.35  (n= 537):  mean k  0.25   k=0 on   96%   k>=2 on    4%
  chunks with margin >= 0.40  (n= 502):  mean k  0.26   k=0 on   96%   k>=2 on    4%
  chunks with margin >= 0.45  (n= 476):  mean k  0.24   k=0 on   97%   k>=2 on    3%
  bar: k < 2 on >= 95% of large-margin chunks

======================================================================
PER-CHUNK detection (the label the monitor is actually answerable for)
======================================================================
  800 chunks, 159 near (margin < 0.23)
  AUC of dissent count vs near: 0.804

    near <     n    prec  recall      F1
      0.10    69   0.452   0.812   0.580
      0.15   104   0.645   0.769   0.702
      0.20   141   0.702   0.617   0.657
      0.23   159   0.726   0.566   0.636
      0.30   221   0.798   0.448   0.574

======================================================================
PER-EPISODE (k_max vs min chunk margin) -- comparable to shPLRNN 0.808
======================================================================
                near     far
       ALARM      41       6
    no alarm       9      44
  precision 0.872  recall 0.820  F1 0.845  accuracy 0.850
  AUC 0.872   (shPLRNN reference 0.808)

(52.5 min)
