=== D. what does omega actually look like? ===
/home/sanger/.cache/torch/hub/facebookresearch_dinov2_main/dinov2/layers/swiglu_ffn.py:51: UserWarning: xFormers is not available (SwiGLU)
  warnings.warn("xFormers is not available (SwiGLU)")
/home/sanger/.cache/torch/hub/facebookresearch_dinov2_main/dinov2/layers/attention.py:33: UserWarning: xFormers is not available (Attention)
  warnings.warn("xFormers is not available (Attention)")
/home/sanger/.cache/torch/hub/facebookresearch_dinov2_main/dinov2/layers/block.py:40: UserWarning: xFormers is not available (Block)
  warnings.warn("xFormers is not available (Block)")
  [varied] rendered+encoded in 176s
  theta  std 0.741  |  pct |.|<0.01: 42%
  omega  std 0.246  |  pct |.|<0.01: 55%  |  max |omega| 1.39
  omega kurtosis 10.0  (3 = gaussian)

=== lighting VARIED ===
    lambda  traj-split th  traj-split om  frame-split th  frame-split om
     1e-02          0.854         -4.779           1.000           0.987
     1e+00          0.812         -3.385           1.000           0.987
     1e+02         -0.262         -0.183           1.000           0.978
     1e+04         -0.519         -0.114           0.963           0.909
     1e+06         -0.398         -0.131           0.078           0.073

=== lighting FIXED ===
  [fixed] rendered+encoded in 171s
    lambda  traj-split th  traj-split om  frame-split th  frame-split om
     1e-02          1.000          0.972           1.000           0.992
     1e+00          0.999         -0.476           1.000           0.962
     1e+02          0.999         -0.872           1.000           0.867
     1e+04          0.940          0.717           0.962           0.788
     1e+06         -0.283         -0.053           0.080           0.071
