generating 40 trajectories x 450 steps ...
rendering ...
  18,000 frames  (177s)
encoding with dinov2_vits14 ...
/home/sanger/.cache/torch/hub/facebookresearch_dinov2_main/dinov2/layers/swiglu_ffn.py:51: UserWarning: xFormers is not available (SwiGLU)
  warnings.warn("xFormers is not available (SwiGLU)")
/home/sanger/.cache/torch/hub/facebookresearch_dinov2_main/dinov2/layers/attention.py:33: UserWarning: xFormers is not available (Attention)
  warnings.warn("xFormers is not available (Attention)")
/home/sanger/.cache/torch/hub/facebookresearch_dinov2_main/dinov2/layers/block.py:40: UserWarning: xFormers is not available (Block)
  warnings.warn("xFormers is not available (Block)")
  383 frames/s
  PCA 256 comps, 99.2% variance

num_hist=3, train 32 traj / test 8 traj (split by TRAJECTORY, so adjacent frames cannot leak)

 stride   dt_eff  DINO theta  DINO omega  pix theta  pix omega
--------------------------------------------------------------
      1    0.020       0.856      -1.008      0.759     -3.068
      2    0.040       0.835      -1.426      0.740     -2.739
      3    0.060       0.812      -3.385      0.774     -1.888
      5    0.100       0.772      -4.249      0.788     -1.283
     10    0.200       0.736      -4.750      0.839     -0.629
--------------------------------------------------------------
acceptance: theta R^2 > 0.95, omega R^2 > 0.80
  FAIL at every stride -- omega is not linearly recoverable. STOP (PLAN Phase B).

(335s total)
