=== RUN A: sampling rate (cached features, corrected probe) ===

  lighting FIXED   (40 traj: 24 train / 8 val / 8 test)
   stride   dt_eff  steps/ep   theta R2   omega R2    lambda
        1    0.020       450      1.000      0.874   1.0e-08
        2    0.040       225      1.000      0.970   1.0e+01
        3    0.060       150      1.000      0.977   1.0e+01
        5    0.100        90      1.000      0.918   1.0e-08
       10    0.200        45      1.000      0.955   1.0e+03

  lighting VARIED   (40 traj: 24 train / 8 val / 8 test)
   stride   dt_eff  steps/ep   theta R2   omega R2    lambda
        1    0.020       450      0.954     -0.112   1.0e+04
        2    0.040       225      0.959      0.191   1.0e+04
        3    0.060       150      0.962      0.157   1.0e+04
        5    0.100        90      0.964      0.248   1.0e+04
       10    0.200        45      0.966      0.284   1.0e+04


=== RUN B: how many lighting draws does invariance need? ===
/home/sanger/.cache/torch/hub/facebookresearch_dinov2_main/dinov2/layers/swiglu_ffn.py:51: UserWarning: xFormers is not available (SwiGLU)
  warnings.warn("xFormers is not available (SwiGLU)")
/home/sanger/.cache/torch/hub/facebookresearch_dinov2_main/dinov2/layers/attention.py:33: UserWarning: xFormers is not available (Attention)
  warnings.warn("xFormers is not available (Attention)")
/home/sanger/.cache/torch/hub/facebookresearch_dinov2_main/dinov2/layers/block.py:40: UserWarning: xFormers is not available (Block)
  warnings.warn("xFormers is not available (Block)")
