/home/sanger/.cache/torch/hub/facebookresearch_dinov2_main/dinov2/layers/swiglu_ffn.py:51: UserWarning: xFormers is not available (SwiGLU)
  warnings.warn("xFormers is not available (SwiGLU)")
/home/sanger/.cache/torch/hub/facebookresearch_dinov2_main/dinov2/layers/attention.py:33: UserWarning: xFormers is not available (Attention)
  warnings.warn("xFormers is not available (Attention)")
/home/sanger/.cache/torch/hub/facebookresearch_dinov2_main/dinov2/layers/block.py:40: UserWarning: xFormers is not available (Block)
  warnings.warn("xFormers is not available (Block)")
600 episodes x 45 frames at stride 10
  50/600  0.4 min  (eta 4.4 min)
  100/600  0.8 min  (eta 3.9 min)
  150/600  1.2 min  (eta 3.5 min)
  200/600  1.5 min  (eta 3.1 min)
  250/600  1.9 min  (eta 2.7 min)
  300/600  2.3 min  (eta 2.3 min)
  350/600  2.7 min  (eta 1.9 min)
  400/600  3.1 min  (eta 1.5 min)
  450/600  3.4 min  (eta 1.1 min)
  500/600  3.8 min  (eta 0.8 min)
  550/600  4.2 min  (eta 0.4 min)
  600/600  4.6 min  (eta 0.0 min)

-> /home/sanger/wksp/stable_lyap_filters/results/phase_c/latents.npy  5.3 GB
   theta std 0.643  omega std 0.234  topple rate 42.2%
(275s)
